[dotenv@17.2.3] injecting env (6) from .env -- tip: ΓÜÖ∩╕Å  override existing env vars with { override: true }
Testing email with user: adityagupta112040@gmail.com
Verifying connection...
node : FAILURE: 
Email configuration 
is invalid.
At line:1 char:1
+ node test-email.js 
> test-log.txt 2>&1
+ ~~~~~~~~~~~~~~~~~~~
~~~~~~~~~~~~~~~~~~~
    + CategoryInfo   
           : NotSpe  
  cified: (FAILURE   
 : Email configur    
ation is invalid    
.:String) [], Re    
moteException
    + FullyQualified 
   ErrorId : Native  
  CommandError
 
Error: Invalid 
login: 535-5.7.8 
Username and 
Password not 
accepted. For more 
information, go to
535 5.7.8  https://su
pport.google.com/mail
/?p=BadCredentials 41
be03b00d2f7-c1d2fa228
b5sm2460515a12.18 - 
gsmtp
    at SMTPConnection
._formatError (C:\Use
rs\User\OneDrive\Desk
top\chatbot\backend\n
ode_modules\nodemaile
r\lib\smtp-connection
\index.js:809:19)
    at SMTPConnection
._actionAUTHComplete 
(C:\Users\User\OneDri
ve\Desktop\chatbot\ba
ckend\node_modules\no
demailer\lib\smtp-con
nection\index.js:1595
:34)
    at SMTPConnection
.<anonymous> (C:\User
s\User\OneDrive\Deskt
op\chatbot\backend\no
de_modules\nodemailer
\lib\smtp-connection\
index.js:556:26)
    at SMTPConnection
._processResponse (C:
\Users\User\OneDrive\
Desktop\chatbot\backe
nd\node_modules\nodem
ailer\lib\smtp-connec
tion\index.js:993:20)
    at SMTPConnection
._onData (C:\Users\Us
er\OneDrive\Desktop\c
hatbot\backend\node_m
odules\nodemailer\lib
\smtp-connection\inde
x.js:774:14)
    at SMTPConnection
._onSocketData (C:\Us
ers\User\OneDrive\Des
ktop\chatbot\backend\
node_modules\nodemail
er\lib\smtp-connectio
n\index.js:195:44)
    at 
TLSSocket.emit 
(node:events:518:28)
    at addChunk (node
:internal/streams/rea
dable:561:12)
    at readableAddChu
nkPushByteMode (node:
internal/streams/read
able:512:3)
    at Readable.push 
(node:internal/stream
s/readable:392:5) {
  code: 'EAUTH',
  response: 
'535-5.7.8 Username 
and Password not 
accepted. For more 
information, go 
to\n' +
    '535 5.7.8  https
://support.google.com
/mail/?p=BadCredentia
ls 41be03b00d2f7-c1d2
fa228b5sm2460515a12.1
8 - gsmtp',
  responseCode: 535,
  command: 'AUTH 
PLAIN'
}
